// Jest Snapshot v1, https://goo.gl/fbAQLP

exports[`VTL syntax highlighting highlights syntax for basic/hello-world.vm 1`] = `
"<span class=\\"hljs-title function_\\">#set</span>( <span class=\\"hljs-variable\\">$name</span> <span class=\\"hljs-operator\\">=</span> <span class=\\"hljs-string\\">&quot;Velocity&quot;</span> <span class=\\"hljs-punctuation\\">)</span>
Hello <span class=\\"hljs-variable\\">$name</span> World<span class=\\"hljs-operator\\">!</span>"
`;
